Testing LLMReflectionAgent with Ollama...
Calling reflect()... (this may take a few minutes)
ollama call completed in 265.94s (timeout=300.0s, vision=True)

========== DECISION ==========
Mode: ollama
Explanation: Grasp failure detected. Adjusting grasp height and approach height.
Updates: {'x_offset': 0.0, 'y_offset': 0.0, 'grasp_height': -0.005, 'approach_height': 0.015, 'lift_height': 0.02}
==============================

